### Result
{"status":"passed-final-browser-runtime-replay","pages":[{"route":"/debate/horn-barker-christian-god-2018/","width":1440,"title":"The Christian God — Horn vs Barker · 2018 | Slugfester","overflow":false,"biographyPlacement":null},{"route":"/","width":1440,"title":"Slugfester | YouTube Debate Argument Scorecards","overflow":false,"biographyPlacement":null},{"route":"/search/?q=Trent%20Horn","width":1440,"title":"Search debate transcripts & scorecards | Slugfester","overflow":false,"biographyPlacement":null},{"route":"/topics/","width":1440,"title":"Debate topics & argument scorecards | Slugfester","overflow":false,"biographyPlacement":null},{"route":"/topics/god-theism-atheism/","width":1440,"title":"God & theism debates & analysis | Slugfester","overflow":false,"biographyPlacement":null},{"route":"/interlocutor/trent-horn/","width":1440,"title":"Trent Horn debate record & scores | Slugfester","overflow":false,"biographyPlacement":"left"},{"route":"/interlocutor/dan-barker/","width":1440,"title":"Dan Barker debate record & scores | Slugfester","overflow":false,"biographyPlacement":"left"},{"route":"/rankings/?compare-a=Trent%20Horn&compare-b=Dan%20Barker","width":1440,"title":"Debate speaker rankings & score comparison | Slugfester","overflow":false,"biographyPlacement":null},{"route":"/debate/horn-barker-christian-god-2018/","width":390,"title":"The Christian God — Horn vs Barker · 2018 | Slugfester","overflow":false,"biographyPlacement":null},{"route":"/","width":390,"title":"Slugfester | YouTube Debate Argument Scorecards","overflow":false,"biographyPlacement":null},{"route":"/search/?q=Trent%20Horn","width":390,"title":"Search debate transcripts & scorecards | Slugfester","overflow":false,"biographyPlacement":null},{"route":"/topics/","width":390,"title":"Debate topics & argument scorecards | Slugfester","overflow":false,"biographyPlacement":null},{"route":"/topics/god-theism-atheism/","width":390,"title":"God & theism debates & analysis | Slugfester","overflow":false,"biographyPlacement":null},{"route":"/interlocutor/trent-horn/","width":390,"title":"Trent Horn debate record & scores | Slugfester","overflow":false,"biographyPlacement":"above"},{"route":"/interlocutor/dan-barker/","width":390,"title":"Dan Barker debate record & scores | Slugfester","overflow":false,"biographyPlacement":"above"},{"route":"/rankings/?compare-a=Trent%20Horn&compare-b=Dan%20Barker","width":390,"title":"Debate speaker rankings & score comparison | Slugfester","overflow":false,"biographyPlacement":null}],"errors":[],"failedRequests":[],"failedResponses":[]}
### Ran Playwright code
```js
await (async (page) => { const expected={"number":"270","origin":"http://127.0.0.1:4270","path":"/debate/horn-barker-christian-god-2018/","topicPath":"/topics/god-theism-atheism/","source":"https://www.youtube.com/watch?v=bIuDfh-6iUs","scores":{"pro":73,"con":71,"winner":"pro"},"speakers":["Trent Horn","Dan Barker"],"profiles":["/interlocutor/trent-horn/","/interlocutor/dan-barker/"],"byline":"Assessments made by 5.6 Sol. — Rubric: Slugfester Reassessment Rubric v2."}; return (async(page)=>{
 const errors=[],failures=[],responses=[],pages=[],check=(v,m)=>{if(!v)throw Error(m);};
 const onError=e=>errors.push(String(e)),onConsole=m=>{if(m.type()==='error')errors.push(m.text());},onFail=r=>failures.push({url:r.url(),error:r.failure()?.errorText}),onResponse=r=>{if(r.status()>=400)responses.push({url:r.url(),status:r.status()});};
 page.on('pageerror',onError);page.on('console',onConsole);page.on('requestfailed',onFail);page.on('response',onResponse);
 const routes=[expected.path,'/','/search/?q='+encodeURIComponent(expected.speakers[0]),'/topics/',expected.topicPath,...expected.profiles,'/rankings/?compare-a='+encodeURIComponent(expected.speakers[0])+'&compare-b='+encodeURIComponent(expected.speakers[1])];
 try{for(const width of [1440,390]){await page.setViewportSize({width,height:width===1440?1000:844});for(const route of routes){await page.goto(expected.origin+route,{waitUntil:'networkidle'});await page.locator('main h1').first().waitFor();const overflow=await page.evaluate(()=>document.documentElement.scrollWidth>innerWidth);check(!overflow,'Overflow '+route+' '+width);let biographyPlacement=null;
  if(route===expected.path){const scoreText=await page.getByRole('complementary',{name:'Debate score summary'}).innerText();for(const side of ['pro','con'])check(new RegExp('\\b'+expected.scores[side]+'\\b').test(scoreText),'Score '+side);check((await page.locator('body').innerText()).replace(/\s+/g,' ').includes(expected.byline),'Byline');check(await page.getByRole('link',{name:'Open YouTube source',exact:true}).getAttribute('href')===expected.source,'Source URL');}
  else if(route.startsWith('/rankings/')){const t=await page.locator('body').innerText();check(expected.speakers.every(s=>t.includes(s)),'Rankings participants');}
  else if(route==='/topics/'){check(await page.locator('a[href="'+expected.topicPath+'"]').count()>0,'Topic index links current topic');}
  else{check(await page.locator('a[href="'+expected.path+'"]').count()>0,'Missing new-debate link '+route);}
  if(expected.profiles.includes(route)){const b=await page.locator('.profile-biography').boundingBox(),g=await page.locator('.profile-score-histogram').boundingBox();check(b&&g,'Biography and graph');biographyPlacement=width===1440?'left':'above';check(width===1440?b.x+b.width<=g.x+1:b.y+b.height<=g.y+1,'Biography placement '+width);await page.locator('.profile-bio-chart').scrollIntoViewIfNeeded();await page.screenshot({path:'output/playwright/debate-'+expected.number+'/'+(width===1440?'desktop':'mobile')+'-'+route.split('/')[2]+'-profile.png'});}
  pages.push({route,width,title:await page.title(),overflow,biographyPlacement});
 }}check(!errors.length&&!failures.length&&!responses.length,JSON.stringify({errors,failures,responses}));return {status:'passed-final-browser-runtime-replay',pages,errors,failedRequests:failures,failedResponses:responses};}
 finally{page.off('pageerror',onError);page.off('console',onConsole);page.off('requestfailed',onFail);page.off('response',onResponse);}
})(page); }
)(page);
```
### Page
- Page URL: http://127.0.0.1:4270/rankings/?compare-a=Trent%20Horn&compare-b=Dan%20Barker
- Page Title: Debate speaker rankings & score comparison | Slugfester
